// Jest Snapshot v1, https://goo.gl/fbAQLP

exports[`Should render the Expense List with empty message 1`] = `
<section
  className="expense-list"
>
  <section
    className="empty"
  >
    <h6
      className="shrug"
    >
      ¯\\_(ツ)_/¯
    </h6>
    <p>
      There aren't any expenses to show
    </p>
  </section>
</section>
`;

exports[`Should render the Expense List with expenses 1`] = `
<section
  className="expense-list"
>
  <ul>
    <li
      className="header"
    >
      <h6>
        Description
      </h6>
      <h6>
        Amount
      </h6>
      <h6>
        Date
      </h6>
    </li>
    <ExpenseListItem
      amount={195}
      createdAt={0}
      description="Gum"
      id="1"
      key="1"
      note=""
    />
    <ExpenseListItem
      amount={109500}
      createdAt={-345600000}
      description="Rent"
      id="2"
      key="2"
      note=""
    />
    <ExpenseListItem
      amount={4500}
      createdAt={345600000}
      description="Credit Card"
      id="3"
      key="3"
      note=""
    />
  </ul>
</section>
`;
