// Jest Snapshot v1, https://goo.gl/fbAQLP

exports[`Should render the Header component 1`] = `
<header>
  <h1>
    Expense Tracker
  </h1>
  <ul>
    <li>
      <NavLink
        activeClassName="active"
        aria-current="page"
        to="/dashboard"
      >
        Dashboard
      </NavLink>
    </li>
    <li>
      <NavLink
        activeClassName="active"
        aria-current="page"
        to="/add"
      >
        Add Expense
      </NavLink>
    </li>
    <li>
      <button
        onClick={[Function]}
      >
        Logout
      </button>
    </li>
  </ul>
</header>
`;
